\BOOKMARK [1][-]{section.1}{\376\377\137\025\212\000}{}% 1
\BOOKMARK [1][-]{section.2}{\376\377\166\370\121\163\135\345\117\134}{}% 2
\BOOKMARK [1][-]{section.3}{\376\377\145\271\154\325}{}% 3
\BOOKMARK [2][-]{subsection.3.1}{\376\377\116\373\122\241\133\232\116\111}{section.3}% 4
\BOOKMARK [2][-]{subsection.3.2}{\376\377\116\377\167\037\145\160\143\156\221\307\226\306\174\373\176\337\116\016\000A\000g\000r\000i\000O\000c\000c\000-\000D\000a\000t\000a\000s\000e\000t}{section.3}% 5
\BOOKMARK [3][-]{subsubsection.3.2.1}{\376\377\121\234\165\060\116\377\167\037\145\160\143\156\221\307\226\306\174\373\176\337}{subsection.3.2}% 6
\BOOKMARK [3][-]{subsubsection.3.2.2}{\376\377\000A\000g\000r\000i\000O\000c\000c\000-\000D\000a\000t\000a\000s\000e\000t}{subsection.3.2}% 7
\BOOKMARK [2][-]{subsection.3.3}{\376\377\000A\000g\000r\000i\000O\000c\000c\000\040\140\073\117\123\176\323\147\204}{section.3}% 8
\BOOKMARK [2][-]{subsection.3.4}{\376\377\000G\000e\000o\000V\000i\000s\000-\000B\000E\000V\000\040\177\026\170\001\126\150}{section.3}% 9
\BOOKMARK [3][-]{subsubsection.3.4.1}{\376\377\121\340\117\125\123\357\211\301\225\032\160\271\123\357\123\330\137\142\154\350\141\017\122\233}{subsection.3.4}% 10
\BOOKMARK [3][-]{subsubsection.3.4.2}{\376\377\217\321\217\334\127\072\000\040\000B\000E\000V\000\040\147\345\213\342\136\003\134\100}{subsection.3.4}% 11
\BOOKMARK [2][-]{subsection.3.5}{\376\377\121\234\116\032\176\323\147\204\201\352\220\002\136\224\155\367\124\010\116\023\133\266\116\011\176\364\123\140\165\050\211\343\170\001\126\150}{section.3}% 12
\BOOKMARK [2][-]{subsection.3.6}{\376\377\140\073\117\123\117\030\123\026\166\356\150\007}{section.3}% 13
\BOOKMARK [1][-]{section.4}{\376\377\133\236\232\214}{}% 14
\BOOKMARK [2][-]{subsection.4.1}{\376\377\145\160\143\156\226\306\116\016\213\304\116\367\123\117\213\256}{section.4}% 15
\BOOKMARK [2][-]{subsection.4.2}{\376\377\133\236\163\260\176\306\202\202}{section.4}% 16
\BOOKMARK [2][-]{subsection.4.3}{\376\377\116\016\163\260\147\011\145\271\154\325\166\204\153\324\217\203}{section.4}% 17
\BOOKMARK [2][-]{subsection.4.4}{\376\377\155\210\207\215\133\236\232\214}{section.4}% 18
\BOOKMARK [2][-]{subsection.4.5}{\376\377\116\377\167\037\122\060\167\037\133\236\215\212\221\316\127\072\146\157\217\301\171\373}{section.4}% 19
\BOOKMARK [2][-]{subsection.4.6}{\376\377\117\123\175\040\122\006\217\250\163\207\217\301\171\373}{section.4}% 20
\BOOKMARK [2][-]{subsection.4.7}{\376\377\213\250\213\272\116\016\134\100\226\120\140\047\122\006\147\220}{section.4}% 21
\BOOKMARK [1][-]{section.5}{\376\377\176\323\213\272\116\016\134\125\147\033}{}% 22
